// Vitest Snapshot v1, https://vitest.dev/guide/snapshot.html

exports[`route registry > exhaustive role x route permission matrix (auth/04 acceptance criterion 1) 1`] = `
{
  "DELETE /api/v1/admin/users/{id}": [
    "super_admin",
    "admin",
  ],
  "DELETE /api/v1/admin/view-as": [
    "super_admin",
    "admin",
    "viewer",
    "builder_admin",
    "builder_member",
    "none",
  ],
  "GET /api/health": [
    "super_admin",
    "admin",
    "viewer",
    "builder_admin",
    "builder_member",
    "none",
  ],
  "GET /api/v1/admin/api-keys": [
    "super_admin",
    "admin",
  ],
  "GET /api/v1/admin/auth/me": [
    "super_admin",
    "admin",
    "viewer",
    "builder_admin",
    "builder_member",
    "none",
  ],
  "GET /api/v1/admin/billing": [
    "super_admin",
    "admin",
    "viewer",
  ],
  "GET /api/v1/admin/builders": [
    "super_admin",
    "admin",
    "viewer",
  ],
  "GET /api/v1/admin/builders/{id}": [
    "super_admin",
    "admin",
    "viewer",
  ],
  "GET /api/v1/admin/calibration": [
    "super_admin",
    "admin",
    "viewer",
  ],
  "GET /api/v1/admin/disputes": [
    "super_admin",
    "admin",
    "viewer",
  ],
  "GET /api/v1/admin/disputes/{id}": [
    "super_admin",
    "admin",
    "viewer",
  ],
  "GET /api/v1/admin/estimates/{id}": [
    "super_admin",
    "admin",
    "viewer",
  ],
  "GET /api/v1/admin/funnels": [
    "super_admin",
    "admin",
    "viewer",
  ],
  "GET /api/v1/admin/leads": [
    "super_admin",
    "admin",
    "viewer",
  ],
  "GET /api/v1/admin/leads/export.csv": [
    "super_admin",
    "admin",
    "viewer",
  ],
  "GET /api/v1/admin/leads/{id}": [
    "super_admin",
    "admin",
    "viewer",
  ],
  "GET /api/v1/admin/ops/sheets-status": [
    "super_admin",
    "admin",
  ],
  "GET /api/v1/admin/usage": [
    "super_admin",
    "admin",
    "viewer",
  ],
  "GET /api/v1/admin/users": [
    "super_admin",
    "admin",
    "builder_admin",
  ],
  "GET /api/v1/admin/users/{id}": [
    "super_admin",
    "admin",
    "builder_admin",
  ],
  "GET /api/v1/billing/card": [
    "super_admin",
    "admin",
    "builder_admin",
  ],
  "GET /api/v1/billing/invoices/{id}": [
    "super_admin",
    "admin",
    "builder_admin",
  ],
  "GET /api/v1/builder/auth/me": [
    "super_admin",
    "admin",
    "viewer",
    "builder_admin",
    "builder_member",
    "none",
  ],
  "GET /api/v1/builder/auth/verify": [
    "super_admin",
    "admin",
    "viewer",
    "builder_admin",
    "builder_member",
    "none",
  ],
  "GET /api/v1/builder/leads": [
    "super_admin",
    "admin",
    "builder_admin",
    "builder_member",
  ],
  "GET /api/v1/builder/leads/{id}": [
    "super_admin",
    "admin",
    "builder_admin",
    "builder_member",
  ],
  "GET /api/v1/communities/{slug}/stats": [
    "super_admin",
    "admin",
    "viewer",
    "builder_admin",
    "builder_member",
    "none",
  ],
  "GET /api/v1/embed/config": [
    "super_admin",
    "admin",
    "viewer",
    "builder_admin",
    "builder_member",
    "none",
  ],
  "GET /api/v1/magic-link/verify": [
    "super_admin",
    "admin",
    "viewer",
    "builder_admin",
    "builder_member",
    "none",
  ],
  "GET /api/v1/openapi.json": [
    "super_admin",
    "admin",
    "viewer",
    "builder_admin",
    "builder_member",
    "none",
  ],
  "GET /api/v1/privacy/export": [
    "super_admin",
    "admin",
    "viewer",
    "builder_admin",
    "builder_member",
    "none",
  ],
  "GET /api/v1/properties/autocomplete": [
    "super_admin",
    "admin",
    "viewer",
    "builder_admin",
    "builder_member",
    "none",
  ],
  "GET /api/v1/properties/lookup": [
    "super_admin",
    "admin",
    "viewer",
    "builder_admin",
    "builder_member",
    "none",
  ],
  "GET /api/v1/reports/{reportToken}": [
    "super_admin",
    "admin",
    "viewer",
    "builder_admin",
    "builder_member",
    "none",
  ],
  "GET /api/v1/shares/verify": [
    "super_admin",
    "admin",
    "viewer",
    "builder_admin",
    "builder_member",
    "none",
  ],
  "GET /api/v1/unsubscribe/{token}": [
    "super_admin",
    "admin",
    "viewer",
    "builder_admin",
    "builder_member",
    "none",
  ],
  "PATCH /api/v1/admin/api-keys/{id}": [
    "super_admin",
    "admin",
  ],
  "PATCH /api/v1/admin/builders/{id}": [
    "super_admin",
    "admin",
  ],
  "PATCH /api/v1/admin/leads/{id}/status": [
    "super_admin",
    "admin",
  ],
  "PATCH /api/v1/admin/users/{id}": [
    "super_admin",
    "admin",
    "builder_admin",
  ],
  "PATCH /api/v1/builder/leads/{id}": [
    "super_admin",
    "admin",
    "builder_admin",
    "builder_member",
  ],
  "POST /api/mcp/v1": [
    "super_admin",
    "admin",
    "viewer",
    "builder_admin",
    "builder_member",
    "none",
  ],
  "POST /api/v1/admin/api-keys": [
    "super_admin",
    "admin",
  ],
  "POST /api/v1/admin/api-keys/{id}/revoke": [
    "super_admin",
    "admin",
  ],
  "POST /api/v1/admin/api-keys/{id}/rotate": [
    "super_admin",
    "admin",
  ],
  "POST /api/v1/admin/auth/entra/callback": [
    "super_admin",
    "admin",
    "viewer",
    "builder_admin",
    "builder_member",
    "none",
  ],
  "POST /api/v1/admin/auth/logout": [
    "super_admin",
    "admin",
    "viewer",
    "builder_admin",
    "builder_member",
    "none",
  ],
  "POST /api/v1/admin/auth/switch-builder": [
    "super_admin",
    "admin",
    "viewer",
    "builder_admin",
    "builder_member",
    "none",
  ],
  "POST /api/v1/admin/billing/invoices/{id}/retry": [
    "super_admin",
    "admin",
  ],
  "POST /api/v1/admin/builders": [
    "super_admin",
    "admin",
  ],
  "POST /api/v1/admin/community-stats/refresh": [
    "super_admin",
    "admin",
  ],
  "POST /api/v1/admin/disputes/{id}/accept": [
    "super_admin",
    "admin",
  ],
  "POST /api/v1/admin/disputes/{id}/reject": [
    "super_admin",
    "admin",
  ],
  "POST /api/v1/admin/leads/{id}/assign-builder": [
    "super_admin",
    "admin",
  ],
  "POST /api/v1/admin/leads/{id}/notes": [
    "super_admin",
    "admin",
  ],
  "POST /api/v1/admin/leads/{id}/quarantine/approve": [
    "super_admin",
    "admin",
  ],
  "POST /api/v1/admin/leads/{id}/quarantine/discard": [
    "super_admin",
    "admin",
  ],
  "POST /api/v1/admin/ops/sheets-sync-now": [
    "super_admin",
    "admin",
  ],
  "POST /api/v1/admin/users/invite": [
    "super_admin",
    "admin",
    "builder_admin",
  ],
  "POST /api/v1/admin/users/{id}/resend-invite": [
    "super_admin",
    "admin",
    "builder_admin",
  ],
  "POST /api/v1/admin/view-as": [
    "super_admin",
    "admin",
  ],
  "POST /api/v1/billing/invoices/{id}/dispute": [
    "super_admin",
    "admin",
    "builder_admin",
  ],
  "POST /api/v1/billing/invoices/{id}/resolve": [
    "super_admin",
    "admin",
  ],
  "POST /api/v1/billing/report-contract": [
    "super_admin",
    "admin",
    "builder_admin",
  ],
  "POST /api/v1/billing/setup-intent": [
    "super_admin",
    "admin",
    "builder_admin",
  ],
  "POST /api/v1/builder/agreement/accept": [
    "super_admin",
    "admin",
    "viewer",
    "builder_admin",
    "builder_member",
    "none",
  ],
  "POST /api/v1/builder/auth/logout": [
    "super_admin",
    "admin",
    "viewer",
    "builder_admin",
    "builder_member",
    "none",
  ],
  "POST /api/v1/builder/auth/request": [
    "super_admin",
    "admin",
    "viewer",
    "builder_admin",
    "builder_member",
    "none",
  ],
  "POST /api/v1/callbacks": [
    "super_admin",
    "admin",
    "viewer",
    "builder_admin",
    "builder_member",
    "none",
  ],
  "POST /api/v1/chat/ask": [
    "super_admin",
    "admin",
    "viewer",
    "builder_admin",
    "builder_member",
    "none",
  ],
  "POST /api/v1/embed/relay/resend": [
    "super_admin",
    "admin",
    "viewer",
    "builder_admin",
    "builder_member",
    "none",
  ],
  "POST /api/v1/embed/session": [
    "super_admin",
    "admin",
    "viewer",
    "builder_admin",
    "builder_member",
    "none",
  ],
  "POST /api/v1/estimate": [
    "super_admin",
    "admin",
    "viewer",
    "builder_admin",
    "builder_member",
    "none",
  ],
  "POST /api/v1/estimates/preview": [
    "super_admin",
    "admin",
    "viewer",
    "builder_admin",
    "builder_member",
    "none",
  ],
  "POST /api/v1/estimates/{estimateId}/narrative": [
    "super_admin",
    "admin",
    "viewer",
    "builder_admin",
    "builder_member",
    "none",
  ],
  "POST /api/v1/events": [
    "super_admin",
    "admin",
    "viewer",
    "builder_admin",
    "builder_member",
    "none",
  ],
  "POST /api/v1/leads": [
    "super_admin",
    "admin",
    "viewer",
    "builder_admin",
    "builder_member",
    "none",
  ],
  "POST /api/v1/magic-link/reissue": [
    "super_admin",
    "admin",
    "viewer",
    "builder_admin",
    "builder_member",
    "none",
  ],
  "POST /api/v1/privacy/erase-requests": [
    "super_admin",
    "admin",
    "viewer",
    "builder_admin",
    "builder_member",
    "none",
  ],
  "POST /api/v1/privacy/erase-requests/{requestId}/confirm": [
    "super_admin",
    "admin",
    "viewer",
    "builder_admin",
    "builder_member",
    "none",
  ],
  "POST /api/v1/reports/{reportToken}/revisions": [
    "super_admin",
    "admin",
    "viewer",
    "builder_admin",
    "builder_member",
    "none",
  ],
  "POST /api/v1/shares": [
    "super_admin",
    "admin",
    "viewer",
    "builder_admin",
    "builder_member",
    "none",
  ],
  "POST /api/v1/stripe/webhooks": [
    "super_admin",
    "admin",
    "viewer",
    "builder_admin",
    "builder_member",
    "none",
  ],
  "POST /api/v1/unsubscribe/{token}": [
    "super_admin",
    "admin",
    "viewer",
    "builder_admin",
    "builder_member",
    "none",
  ],
}
`;
